#-----------------------------------------------------------
# Vivado v2018.1 (64-bit)
# SW Build 2188600 on Wed Apr  4 18:40:38 MDT 2018
# IP Build 2185939 on Wed Apr  4 20:55:05 MDT 2018
# Start of session at: Fri Jun  9 16:49:13 2023
# Process ID: 34612
# Current directory: C:/Users/Praveen/Downloads/FinalLab/FinalLab
# Command line: vivado.exe -gui_launcher_event rodinguilauncherevent33156 C:\Users\Praveen\Downloads\FinalLab\FinalLab\FinalLab.xpr
# Log file: C:/Users/Praveen/Downloads/FinalLab/FinalLab/vivado.log
# Journal file: C:/Users/Praveen/Downloads/FinalLab/FinalLab\vivado.jou
#-----------------------------------------------------------
start_gui
open_project C:/Users/Praveen/Downloads/FinalLab/FinalLab/FinalLab.xpr
update_compile_order -fileset sources_1
launch_simulation
open_wave_config C:/Users/Praveen/Downloads/FinalLab/FinalLab/TB_NanoProcessor_behav1.wcfg
source TB_NanoProcessor.tcl
close_sim
launch_simulation
open_wave_config C:/Users/Praveen/Downloads/FinalLab/FinalLab/TB_NanoProcessor_behav1.wcfg
source TB_NanoProcessor.tcl
synth_design -rtl -name rtl_1
close_sim
launch_simulation
open_wave_config C:/Users/Praveen/Downloads/FinalLab/FinalLab/TB_NanoProcessor_behav1.wcfg
source TB_NanoProcessor.tcl
close_sim
launch_simulation
open_wave_config C:/Users/Praveen/Downloads/FinalLab/FinalLab/TB_NanoProcessor_behav1.wcfg
source TB_NanoProcessor.tcl
close_sim
launch_simulation
open_wave_config C:/Users/Praveen/Downloads/FinalLab/FinalLab/TB_NanoProcessor_behav1.wcfg
source TB_NanoProcessor.tcl
close_sim
launch_simulation
open_wave_config C:/Users/Praveen/Downloads/FinalLab/FinalLab/TB_NanoProcessor_behav1.wcfg
source TB_NanoProcessor.tcl
close_sim
launch_simulation
open_wave_config C:/Users/Praveen/Downloads/FinalLab/FinalLab/TB_NanoProcessor_behav1.wcfg
source TB_NanoProcessor.tcl
close_sim
open_run synth_1 -name synth_1
reset_run synth_1
launch_runs synth_1 -jobs 10
wait_on_run synth_1
launch_runs impl_1 -jobs 10
wait_on_run impl_1
close_design
open_run impl_1
reset_run synth_1
launch_runs synth_1 -jobs 10
wait_on_run synth_1
launch_runs impl_1 -jobs 10
wait_on_run impl_1
refresh_design
current_design rtl_1
reset_run synth_1
launch_runs synth_1 -jobs 10
wait_on_run synth_1
launch_runs impl_1 -jobs 10
wait_on_run impl_1
current_design impl_1
refresh_design
current_design rtl_1
